src/db/seed.ts(68,9): error TS2322: Type 'number | undefined' is not assignable to type 'number'.
  Type 'undefined' is not assignable to type 'number'.
src/pages/Meters.tsx(31,27): error TS6133: 'formatCurrency' is declared but its value is never read.
src/pages/RoomDetail.tsx(35,65): error TS6133: 'fetchContracts' is declared but its value is never read.
src/pages/Rooms.tsx(35,1): error TS6192: All imports in import declaration are unused.
src/stores/meterStore.ts(3,1): error TS6133: 'dayjs' is declared but its value is never read.
src/stores/tenantStore.ts(3,1): error TS6133: 'getDefaultContractServices' is declared but its value is never read.
